Main Memory Contents:

65533		: 15
65534		: 8
65535		: 1
