Main Memory Contents:

65529		: 19
65530		: 16
65531		: 13
65532		: 10
65533		: 7
65534		: 4
65535		: 1
